<?xml version="1.0" encoding="UTF-8"?>
<testsuites name="jest tests" tests="5" failures="0" errors="0" time="2.926">
  <testsuite name="SDSUploader Component" errors="0" failures="0" skipped="0" timestamp="2025-11-14T13:59:06" time="2.194" tests="5">
    <testcase classname="SDSUploader Component Rendereli az üres állapotot és a CTA gombot" name="SDSUploader Component Rendereli az üres állapotot és a CTA gombot" time="0.057">
    </testcase>
    <testcase classname="SDSUploader Component PDF feltöltésekor elindul a folyamat és sikeresen befejeződik" name="SDSUploader Component PDF feltöltésekor elindul a folyamat és sikeresen befejeződik" time="0.028">
    </testcase>
    <testcase classname="SDSUploader Component Hibaüzenetet dob nem PDF fájl esetén" name="SDSUploader Component Hibaüzenetet dob nem PDF fájl esetén" time="0.01">
    </testcase>
    <testcase classname="SDSUploader Component Hibaüzenetet dob 20MB-nál nagyobb fájl esetén" name="SDSUploader Component Hibaüzenetet dob 20MB-nál nagyobb fájl esetén" time="0.009">
    </testcase>
    <testcase classname="SDSUploader Component Hiba után az Újra gomb visszaállítja az alapállapotot" name="SDSUploader Component Hiba után az Újra gomb visszaállítja az alapállapotot" time="0.014">
    </testcase>
  </testsuite>
</testsuites>
